Requirement already satisfied: fastapi>=0.115.0 in E:\developtool\anaconda3\envs\sysmlv2\Lib\site-packages (from -r requirements.txt (line 1)) (0.138.1)
Requirement already satisfied: uvicorn>=0.30.0 in E:\developtool\anaconda3\envs\sysmlv2\Lib\site-packages (from uvicorn[standard]>=0.30.0->-r requirements.txt (line 2)) (0.49.0)
Requirement already satisfied: pydantic>=2.8.0 in E:\developtool\anaconda3\envs\sysmlv2\Lib\site-packages (from -r requirements.txt (line 3)) (2.13.4)
Requirement already satisfied: SQLAlchemy>=2.0.0 in E:\developtool\anaconda3\envs\sysmlv2\Lib\site-packages (from -r requirements.txt (line 4)) (2.0.51)
Requirement already satisfied: httpx>=0.27.0 in E:\developtool\anaconda3\envs\sysmlv2\Lib\site-packages (from -r requirements.txt (line 5)) (0.28.1)
Requirement already satisfied: python-dotenv>=1.0.0 in E:\developtool\anaconda3\envs\sysmlv2\Lib\site-packages (from -r requirements.txt (line 6)) (1.2.2)
Requirement already satisfied: python-multipart>=0.0.9 in E:\developtool\anaconda3\envs\sysmlv2\Lib\site-packages (from -r requirements.txt (line 7)) (0.0.32)
Requirement already satisfied: starlette>=0.46.0 in E:\developtool\anaconda3\envs\sysmlv2\Lib\site-packages (from fastapi>=0.115.0->-r requirements.txt (line 1)) (1.3.1)
Requirement already satisfied: typing-extensions>=4.8.0 in E:\developtool\anaconda3\envs\sysmlv2\Lib\site-packages (from fastapi>=0.115.0->-r requirements.txt (line 1)) (4.15.0)
Requirement already satisfied: typing-inspection>=0.4.2 in E:\developtool\anaconda3\envs\sysmlv2\Lib\site-packages (from fastapi>=0.115.0->-r requirements.txt (line 1)) (0.4.2)
Requirement already satisfied: annotated-doc>=0.0.2 in E:\developtool\anaconda3\envs\sysmlv2\Lib\site-packages (from fastapi>=0.115.0->-r requirements.txt (line 1)) (0.0.4)
Requirement already satisfied: click>=7.0 in E:\developtool\anaconda3\envs\sysmlv2\Lib\site-packages (from uvicorn>=0.30.0->uvicorn[standard]>=0.30.0->-r requirements.txt (line 2)) (8.4.2)
Requirement already satisfied: h11>=0.8 in E:\developtool\anaconda3\envs\sysmlv2\Lib\site-packages (from uvicorn>=0.30.0->uvicorn[standard]>=0.30.0->-r requirements.txt (line 2)) (0.16.0)
Requirement already satisfied: annotated-types>=0.6.0 in E:\developtool\anaconda3\envs\sysmlv2\Lib\site-packages (from pydantic>=2.8.0->-r requirements.txt (line 3)) (0.7.0)
Requirement already satisfied: pydantic-core==2.46.4 in E:\developtool\anaconda3\envs\sysmlv2\Lib\site-packages (from pydantic>=2.8.0->-r requirements.txt (line 3)) (2.46.4)
Requirement already satisfied: greenlet>=1 in E:\developtool\anaconda3\envs\sysmlv2\Lib\site-packages (from SQLAlchemy>=2.0.0->-r requirements.txt (line 4)) (3.5.2)
Requirement already satisfied: anyio in E:\developtool\anaconda3\envs\sysmlv2\Lib\site-packages (from httpx>=0.27.0->-r requirements.txt (line 5)) (4.14.1)
Requirement already satisfied: certifi in E:\developtool\anaconda3\envs\sysmlv2\Lib\site-packages (from httpx>=0.27.0->-r requirements.txt (line 5)) (2026.6.17)
Requirement already satisfied: httpcore==1.* in E:\developtool\anaconda3\envs\sysmlv2\Lib\site-packages (from httpx>=0.27.0->-r requirements.txt (line 5)) (1.0.9)
Requirement already satisfied: idna in E:\developtool\anaconda3\envs\sysmlv2\Lib\site-packages (from httpx>=0.27.0->-r requirements.txt (line 5)) (3.18)
Requirement already satisfied: colorama in E:\developtool\anaconda3\envs\sysmlv2\Lib\site-packages (from click>=7.0->uvicorn>=0.30.0->uvicorn[standard]>=0.30.0->-r requirements.txt (line 2)) (0.4.6)
Requirement already satisfied: httptools>=0.8.0 in E:\developtool\anaconda3\envs\sysmlv2\Lib\site-packages (from uvicorn[standard]>=0.30.0->-r requirements.txt (line 2)) (0.8.0)
Requirement already satisfied: pyyaml>=5.1 in E:\developtool\anaconda3\envs\sysmlv2\Lib\site-packages (from uvicorn[standard]>=0.30.0->-r requirements.txt (line 2)) (6.0.3)
Requirement already satisfied: watchfiles>=0.20 in E:\developtool\anaconda3\envs\sysmlv2\Lib\site-packages (from uvicorn[standard]>=0.30.0->-r requirements.txt (line 2)) (1.2.0)
Requirement already satisfied: websockets>=10.4 in E:\developtool\anaconda3\envs\sysmlv2\Lib\site-packages (from uvicorn[standard]>=0.30.0->-r requirements.txt (line 2)) (16.0)
